// Jest Snapshot v1, https://goo.gl/fbAQLP

exports[`FormCrearProducto test should render component 1`] = `
<div>
  <form
    class=""
  >
    <h2>
      Crear orden
    </h2>
    <div
      class="row"
    >
      <div
        class="col-xl-6"
      >
        <div
          class="form-group"
        >
          <label
            class="form-label"
            for="idCoordinador"
          >
            Id Coordinador
          </label>
          <input
            class="form-control"
            id="idCoordinador"
            max="4"
            min="1"
            name="idCoordinador"
            placeholder="Id Coordinador"
            type="number"
            value="0"
          />
        </div>
      </div>
      <div
        class="col-xl-6"
      >
        <div
          class="form-group"
        >
          <label
            class="form-label"
            for="idRepartidor"
          >
            Id Repartidor
          </label>
          <input
            class="form-control"
            id="idRepartidor"
            max="8"
            min="1"
            name="idRepartidor"
            placeholder="Id Repartidor"
            type="number"
            value="0"
          />
        </div>
      </div>
      <div
        class="col-xl-6"
      >
        <div
          class="form-group"
        >
          <label
            class="form-label"
            for="idFechaEntrega"
          >
            Fecha Entrega
          </label>
          <input
            class="form-control"
            id="idFechaEntrega"
            name="fechaEntrega"
            placeholder="Fecha Entrega"
            type="date"
            value=""
          />
        </div>
      </div>
      <div
        class="col-xl-6"
      >
        <div
          class="form-group"
        >
          <label
            class="form-label"
            for="idHoraEntrega"
          >
            Hora Entrega
          </label>
          <input
            class="form-control"
            id="idHoraEntrega"
            name="horaEntrega"
            placeholder="Fecha Entrega"
            type="time"
            value=""
          />
        </div>
      </div>
    </div>
    <button
      class="w-100 btn btn-secondary"
      type="submit"
    >
      Crear
    </button>
  </form>
</div>
`;
